
> criptodamus@1.0.0 build
> tsc && vite build

[36mvite v5.4.21 [32mbuilding for production...[36m[39m
transforming...
[32mÔ£ô[39m 2 modules transformed.
npm.cmd : 
[31mx[39m Build 
failed in 52ms
En C:\Users\Matías Ri
quelme\Documents\Wind
owsPowerShell\Microso
ft.PowerShell_profile
.ps1: 6 Carácter: 16
+ function npm { & 
"C:\Program Files\nod
ejs\npm.cmd" $args }
+                ~~~~
~~~~~~~~~~~~~~~~~~~~~
~~~~~~~~~~~~~~~~
    + CategoryInfo   
           : NotSpe  
  cified: ([31mx   
 [39m Build faile    
d in 52ms:String    
) [], RemoteExce    
ption
    + FullyQualified 
   ErrorId : Native  
  CommandError
 
[31merror during 
build:
[31m[vite:css] 
Failed to load 
PostCSS config 
(searchPath: 
C:/Users/Mat├¡as Riqu
elme/Desktop/Criptoda
musFinal-main - 
copia): [Error] 
Loading PostCSS 
Plugin failed: 
Cannot find module 
'tailwindcss'
Require stack:
- C:\Users\Mat├¡as Ri
quelme\Desktop\Cripto
damusFinal-main - cop
ia\postcss.config.js

(@C:\Users\Mat├¡as Ri
quelme\Desktop\Cripto
damusFinal-main - cop
ia\postcss.config.js)
Error: Loading 
PostCSS Plugin 
failed: Cannot find 
module 'tailwindcss'
Require stack:
- C:\Users\Mat├¡as Ri
quelme\Desktop\Cripto
damusFinal-main - cop
ia\postcss.config.js

(@C:\Users\Mat├¡as Ri
quelme\Desktop\Cripto
damusFinal-main - cop
ia\postcss.config.js)
    at load (file:///
C:/Users/Mat%C3%ADas%
20Riquelme/Desktop/Cr
iptodamusFinal-main%2
0-%20copia/node_modul
es/vite/dist/node/chu
nks/dep-BK3b2jBa.js:3
3632:11)
    at file:///C:/Use
rs/Mat%C3%ADas%20Riqu
elme/Desktop/Criptoda
musFinal-main%20-%20c
opia/node_modules/vit
e/dist/node/chunks/de
p-BK3b2jBa.js:33657:1
6
    at Array.map 
(<anonymous>)
    at plugins (file:
///C:/Users/Mat%C3%AD
as%20Riquelme/Desktop
/CriptodamusFinal-mai
n%20-%20copia/node_mo
dules/vite/dist/node/
chunks/dep-BK3b2jBa.j
s:33656:8)
    at processResult 
(file:///C:/Users/Mat
%C3%ADas%20Riquelme/D
esktop/CriptodamusFin
al-main%20-%20copia/n
ode_modules/vite/dist
/node/chunks/dep-BK3b
2jBa.js:33726:14)
    at file:///C:/Use
rs/Mat%C3%ADas%20Riqu
elme/Desktop/Criptoda
musFinal-main%20-%20c
opia/node_modules/vit
e/dist/node/chunks/de
p-BK3b2jBa.js:33856:1
4[31m
file: [36mC:/Users/M
at├¡as Riquelme/Deskt
op/CriptodamusFinal-m
ain - copia/index.htm
l?html-proxy&inline-c
ss&index=0.css[31m
[39m
