CriptodamusFinal/vite.config.ts(6,13): error TS2769: No overload matches this call.
  The last overload gave the following error.
    Type 'Plugin<any>[]' is not assignable to type 'PluginOption'.
      Type 'Plugin<any>[]' is not assignable to type 'PluginOption[]'.
        Type 'Plugin<any>' is not assignable to type 'PluginOption'.
          Type 'import("C:/Users/Mat\u00EDas Riquelme/Desktop/CriptodamusFinal-main - copia/node_modules/vite/dist/node/index").Plugin<any>' is not assignable to type 'import("C:/Users/Mat\u00EDas Riquelme/Desktop/CriptodamusFinal-main - copia/CriptodamusFinal/node_modules/vite/dist/node/index").Plugin<any>'.
            Types of property 'apply' are incompatible.
              Type '"serve" | "build" | ((this: void, config: import("C:/Users/Mat\u00EDas Riquelme/Desktop/CriptodamusFinal-main - copia/node_modules/vite/dist/node/index").UserConfig, env: import("C:/Users/Mat\u00EDas Riquelme/Desktop/CriptodamusFinal-main - copia/node_modules/vite/dist/node/index").ConfigEnv) => boolean)' is not assignable to type '"serve" | "build" | ((this: void, config: import("C:/Users/Mat\u00EDas Riquelme/Desktop/CriptodamusFinal-main - copia/CriptodamusFinal/node_modules/vite/dist/node/index").UserConfig, env: import("C:/Users/Mat\u00EDas Riquelme/Desktop/CriptodamusFinal-main - copia/CriptodamusFinal/node_modules/vite/dist/node/index")....'.
                Type '(this: void, config: UserConfig, env: ConfigEnv) => boolean' is not assignable to type '"serve" | "build" | ((this: void, config: UserConfig, env: ConfigEnv) => boolean)'.
                  Type '(this: void, config: import("C:/Users/Mat\u00EDas Riquelme/Desktop/CriptodamusFinal-main - copia/node_modules/vite/dist/node/index").UserConfig, env: import("C:/Users/Mat\u00EDas Riquelme/Desktop/CriptodamusFinal-main - copia/node_modules/vite/dist/node/index").ConfigEnv) => boolean' is not assignable to type '(this: void, config: import("C:/Users/Mat\u00EDas Riquelme/Desktop/CriptodamusFinal-main - copia/CriptodamusFinal/node_modules/vite/dist/node/index").UserConfig, env: import("C:/Users/Mat\u00EDas Riquelme/Desktop/CriptodamusFinal-main - copia/CriptodamusFinal/node_modules/vite/dist/node/index").ConfigEnv) => boolean'.
                    Types of parameters 'config' and 'config' are incompatible.
                      Type 'import("C:/Users/Mat\u00EDas Riquelme/Desktop/CriptodamusFinal-main - copia/CriptodamusFinal/node_modules/vite/dist/node/index").UserConfig' is not assignable to type 'import("C:/Users/Mat\u00EDas Riquelme/Desktop/CriptodamusFinal-main - copia/node_modules/vite/dist/node/index").UserConfig'.
                        Types of property 'plugins' are incompatible.
                          Type 'import("C:/Users/Mat\u00EDas Riquelme/Desktop/CriptodamusFinal-main - copia/CriptodamusFinal/node_modules/vite/dist/node/index").PluginOption[]' is not assignable to type 'import("C:/Users/Mat\u00EDas Riquelme/Desktop/CriptodamusFinal-main - copia/node_modules/vite/dist/node/index").PluginOption[]'.
                            Type 'import("C:/Users/Mat\u00EDas Riquelme/Desktop/CriptodamusFinal-main - copia/CriptodamusFinal/node_modules/vite/dist/node/index").PluginOption' is not assignable to type 'import("C:/Users/Mat\u00EDas Riquelme/Desktop/CriptodamusFinal-main - copia/node_modules/vite/dist/node/index").PluginOption'.
                              Type 'Plugin<any>' is not assignable to type 'PluginOption'.
                                Type 'import("C:/Users/Mat\u00EDas Riquelme/Desktop/CriptodamusFinal-main - copia/CriptodamusFinal/node_modules/vite/dist/node/index").Plugin<any>' is not assignable to type 'import("C:/Users/Mat\u00EDas Riquelme/Desktop/CriptodamusFinal-main - copia/node_modules/vite/dist/node/index").Plugin<any>'.
                                  Types of property 'apply' are incompatible.
                                    Type '"serve" | "build" | ((this: void, config: import("C:/Users/Mat\u00EDas Riquelme/Desktop/CriptodamusFinal-main - copia/CriptodamusFinal/node_modules/vite/dist/node/index").UserConfig, env: import("C:/Users/Mat\u00EDas Riquelme/Desktop/CriptodamusFinal-main - copia/CriptodamusFinal/node_modules/vite/dist/node/index")....' is not assignable to type '"serve" | "build" | ((this: void, config: import("C:/Users/Mat\u00EDas Riquelme/Desktop/CriptodamusFinal-main - copia/node_modules/vite/dist/node/index").UserConfig, env: import("C:/Users/Mat\u00EDas Riquelme/Desktop/CriptodamusFinal-main - copia/node_modules/vite/dist/node/index").ConfigEnv) => boolean)'.
                                      Type '(this: void, config: UserConfig, env: ConfigEnv) => boolean' is not assignable to type '"serve" | "build" | ((this: void, config: UserConfig, env: ConfigEnv) => boolean)'.
                                        Type '(this: void, config: import("C:/Users/Mat\u00EDas Riquelme/Desktop/CriptodamusFinal-main - copia/CriptodamusFinal/node_modules/vite/dist/node/index").UserConfig, env: import("C:/Users/Mat\u00EDas Riquelme/Desktop/CriptodamusFinal-main - copia/CriptodamusFinal/node_modules/vite/dist/node/index").ConfigEnv) => boolean' is not assignable to type '(this: void, config: import("C:/Users/Mat\u00EDas Riquelme/Desktop/CriptodamusFinal-main - copia/node_modules/vite/dist/node/index").UserConfig, env: import("C:/Users/Mat\u00EDas Riquelme/Desktop/CriptodamusFinal-main - copia/node_modules/vite/dist/node/index").ConfigEnv) => boolean'.
                                          Types of parameters 'config' and 'config' are incompatible.
                                            Type 'import("C:/Users/Mat\u00EDas Riquelme/Desktop/CriptodamusFinal-main - copia/node_modules/vite/dist/node/index").UserConfig' is not assignable to type 'import("C:/Users/Mat\u00EDas Riquelme/Desktop/CriptodamusFinal-main - copia/CriptodamusFinal/node_modules/vite/dist/node/index").UserConfig'.
                                              Types of property 'plugins' are incompatible.
                                                Type 'import("C:/Users/Mat\u00EDas Riquelme/Desktop/CriptodamusFinal-main - copia/node_modules/vite/dist/node/index").PluginOption[]' is not assignable to type 'import("C:/Users/Mat\u00EDas Riquelme/Desktop/CriptodamusFinal-main - copia/CriptodamusFinal/node_modules/vite/dist/node/index").PluginOption[]'.
                                                  Type 'import("C:/Users/Mat\u00EDas Riquelme/Desktop/CriptodamusFinal-main - copia/node_modules/vite/dist/node/index").PluginOption' is not assignable to type 'import("C:/Users/Mat\u00EDas Riquelme/Desktop/CriptodamusFinal-main - copia/CriptodamusFinal/node_modules/vite/dist/node/index").PluginOption'.
                                                    Type 'Promise<false | Plugin<any> | PluginOption[]>' is not assignable to type 'PluginOption'.
                                                      Type 'Promise<false | import("C:/Users/Mat\u00EDas Riquelme/Desktop/CriptodamusFinal-main - copia/node_modules/vite/dist/node/index").Plugin<any> | import("C:/Users/Mat\u00EDas Riquelme/Desktop/CriptodamusFinal-main - copia/node_modules/vite/dist/node/index").PluginOption[]>' is not assignable to type 'Promise<false | import("C:/Users/Mat\u00EDas Riquelme/Desktop/CriptodamusFinal-main - copia/CriptodamusFinal/node_modules/vite/dist/node/index").Plugin<any> | import("C:/Users/Mat\u00EDas Riquelme/Desktop/CriptodamusFinal-main - copia/CriptodamusFinal/node_modules/vite/dist/node/index").PluginOption[]>'.
                                                        Type 'false | import("C:/Users/Mat\u00EDas Riquelme/Desktop/CriptodamusFinal-main - copia/node_modules/vite/dist/node/index").Plugin<any> | import("C:/Users/Mat\u00EDas Riquelme/Desktop/CriptodamusFinal-main - copia/node_modules/vite/dist/node/index").PluginOption[]' is not assignable to type 'false | import("C:/Users/Mat\u00EDas Riquelme/Desktop/CriptodamusFinal-main - copia/CriptodamusFinal/node_modules/vite/dist/node/index").Plugin<any> | import("C:/Users/Mat\u00EDas Riquelme/Desktop/CriptodamusFinal-main - copia/CriptodamusFinal/node_modules/vite/dist/node/index").PluginOption[]'.
                                                          Type 'Plugin<any>' is not assignable to type 'false | Plugin<any> | PluginOption[]'.
services/apiService.ts(38,16): error TS2339: Property 'metadata' does not exist on type 'InternalAxiosRequestConfig<any>'.
services/apiService.ts(51,43): error TS2339: Property 'metadata' does not exist on type 'InternalAxiosRequestConfig<any>'.
services/apiService.ts(62,31): error TS2339: Property 'retry' does not exist on type 'InternalAxiosRequestConfig<any>'.
services/apiService.ts(63,18): error TS2339: Property 'retry' does not exist on type 'InternalAxiosRequestConfig<any>'.
services/apiService.ts(66,30): error TS2339: Property 'retry' does not exist on type 'InternalAxiosRequestConfig<any>'.
services/apiService.ts(67,18): error TS2339: Property 'retry' does not exist on type 'InternalAxiosRequestConfig<any>'.
services/apiService.ts(70,63): error TS2339: Property 'retry' does not exist on type 'InternalAxiosRequestConfig<any>'.
services/apiService.ts(73,52): error TS2339: Property 'retry' does not exist on type 'InternalAxiosRequestConfig<any>'.
